============================= test session starts =============================
platform win32 -- Python 3.13.7, pytest-9.0.3, pluggy-1.6.0 -- C:\Users\drewm\AppData\Local\Programs\Python\Python313\python.exe
cachedir: .pytest_cache
rootdir: C:\Users\drewm\OneDrive\Desktop\Academics\Marymount Academic\Summer 2026\IT567\Purple Team Project\.worktrees\blue-agent-referee
configfile: pytest.ini
testpaths: target/tests, shared/tests, scripts/tests, blue_agent/tests
plugins: anyio-4.13.0, jaxtyping-0.3.10, cov-7.1.0
collecting ... collected 76 items

target/tests/test_admin_routes.py::test_login_rejects_wrong_password PASSED [  1%]
target/tests/test_admin_routes.py::test_seeded_weak_admin_credentials_grant_access PASSED [  2%]
target/tests/test_admin_routes.py::test_no_lockout_after_repeated_failed_attempts PASSED [  3%]
target/tests/test_db.py::test_init_db_creates_tables PASSED              [  5%]
target/tests/test_db.py::test_seed_db_creates_expected_rows PASSED       [  6%]
target/tests/test_db.py::test_seed_db_is_idempotent PASSED               [  7%]
target/tests/test_diagnostics_routes.py::test_diagnostics_requires_admin_session PASSED [  9%]
target/tests/test_diagnostics_routes.py::test_diagnostics_runs_ping_for_authenticated_admin PASSED [ 10%]
target/tests/test_diagnostics_routes.py::test_seeded_command_injection_in_diagnostics FAILED [ 11%]
target/tests/test_documents_routes.py::test_public_document_is_readable PASSED [ 13%]
target/tests/test_documents_routes.py::test_confidential_document_readable_without_auth PASSED [ 14%]
target/tests/test_documents_routes.py::test_missing_document_returns_404 PASSED [ 15%]
target/tests/test_internal_routes.py::test_lock_account_blocks_future_login PASSED [ 17%]
target/tests/test_internal_routes.py::test_kill_session_blocks_subsequent_admin_requests PASSED [ 18%]
target/tests/test_internal_routes.py::test_unblocked_account_logs_in_normally PASSED [ 19%]
target/tests/test_internal_routes.py::test_kill_session_rejects_missing_or_non_numeric_user_id PASSED [ 21%]
target/tests/test_internal_routes.py::test_lock_account_does_not_duplicate_row_for_already_blocked_username PASSED [ 22%]
target/tests/test_internal_routes.py::test_block_ip_rejects_missing_source_ip PASSED [ 23%]
target/tests/test_internal_routes.py::test_block_ip_rejects_invalid_ip_format PASSED [ 25%]
target/tests/test_internal_routes.py::test_block_ip_runs_iptables_drop_for_valid_ip PASSED [ 26%]
target/tests/test_internal_routes.py::test_block_ip_returns_500_when_iptables_fails PASSED [ 27%]
target/tests/test_logging_middleware.py::test_request_is_logged PASSED   [ 28%]
target/tests/test_logging_middleware.py::test_password_param_is_redacted PASSED [ 30%]
target/tests/test_logging_middleware.py::test_user_id_logged_from_active_session PASSED [ 31%]
target/tests/test_logging_middleware.py::test_unhandled_exception_is_still_logged PASSED [ 32%]
target/tests/test_public_routes.py::test_home_page_loads PASSED          [ 34%]
target/tests/test_public_routes.py::test_search_returns_matching_shipments PASSED [ 35%]
target/tests/test_public_routes.py::test_search_is_vulnerable_to_union_based_sqli PASSED [ 36%]
shared/tests/test_event_log.py::test_read_events_returns_empty_list_when_missing PASSED [ 38%]
shared/tests/test_event_log.py::test_log_event_appends_timestamped_line PASSED [ 39%]
shared/tests/test_event_log.py::test_log_event_appends_multiple_events_in_order PASSED [ 40%]
shared/tests/test_event_log.py::test_read_events_skips_corrupt_line_and_keeps_valid_ones PASSED [ 42%]
shared/tests/test_memory.py::test_new_empty_memory_schema PASSED         [ 43%]
shared/tests/test_memory.py::test_new_empty_memory_rejects_invalid_side PASSED [ 44%]
shared/tests/test_memory.py::test_load_memory_returns_none_when_missing PASSED [ 46%]
shared/tests/test_memory.py::test_save_and_load_roundtrip PASSED         [ 47%]
shared/tests/test_memory.py::test_append_memory_entry_creates_file_if_missing PASSED [ 48%]
shared/tests/test_memory.py::test_append_memory_entry_appends_to_existing PASSED [ 50%]
shared/tests/test_memory.py::test_save_memory_leaves_no_temp_file_and_target_always_valid PASSED [ 51%]
shared/tests/test_memory.py::test_load_memory_raises_clear_error_on_corrupt_json PASSED [ 52%]
scripts/tests/test_capture_checkpoint.py::test_build_summary_counts_correctly PASSED [ 53%]
scripts/tests/test_capture_checkpoint.py::test_capture_checkpoint_v0_with_no_prior_data PASSED [ 55%]
blue_agent/tests/test_config.py::test_load_config_uses_defaults_when_env_unset PASSED [ 56%]
blue_agent/tests/test_config.py::test_load_config_reads_env_overrides PASSED [ 57%]
blue_agent/tests/test_http_tool.py::test_post_request_hits_block_ip_endpoint PASSED [ 59%]
blue_agent/tests/test_http_tool.py::test_connection_error_returns_error_dict PASSED [ 60%]
blue_agent/tests/test_loop.py::test_run_waits_for_go_flag_before_logging_round_start PASSED [ 61%]
blue_agent/tests/test_loop.py::test_run_stops_immediately_when_stop_flag_already_present PASSED [ 63%]
blue_agent/tests/test_loop.py::test_run_heartbeats_every_iteration_with_no_new_alerts PASSED [ 64%]
blue_agent/tests/test_loop.py::test_run_calls_ollama_and_dispatches_tool_calls_when_new_alerts_appear PASSED [ 65%]
blue_agent/tests/test_loop.py::test_run_includes_target_base_url_in_system_prompt PASSED [ 67%]
blue_agent/tests/test_loop.py::test_run_handles_malformed_tool_call_missing_function_key PASSED [ 68%]
blue_agent/tests/test_ollama_client.py::test_chat_posts_model_messages_and_tools PASSED [ 69%]
blue_agent/tests/test_ollama_client.py::test_chat_raises_on_http_error PASSED [ 71%]
blue_agent/tests/test_state.py::test_log_event_writes_to_event_log_with_side_tagged PASSED [ 72%]
blue_agent/tests/test_state.py::test_heartbeat_logs_a_heartbeat_phase_event PASSED [ 73%]
blue_agent/tests/test_state.py::test_record_finding_writes_to_memory_and_event_log PASSED [ 75%]
blue_agent/tests/test_state.py::test_recall_summary_empty_when_no_memory_yet PASSED [ 76%]
blue_agent/tests/test_state.py::test_recall_summary_lists_recorded_findings PASSED [ 77%]
blue_agent/tests/test_tools.py::test_tool_schemas_include_exactly_two_tools PASSED [ 78%]
blue_agent/tests/test_tools.py::test_dispatch_escalate_response_lock_account_posts_to_lock_account_endpoint PASSED [ 80%]
blue_agent/tests/test_tools.py::test_dispatch_escalate_response_kill_session_posts_to_kill_session_endpoint PASSED [ 81%]
blue_agent/tests/test_tools.py::test_dispatch_escalate_response_block_ip_posts_to_block_ip_endpoint PASSED [ 82%]
blue_agent/tests/test_tools.py::test_dispatch_escalate_response_parses_string_arguments PASSED [ 84%]
blue_agent/tests/test_tools.py::test_dispatch_escalate_response_unknown_action_returns_error PASSED [ 85%]
blue_agent/tests/test_tools.py::test_dispatch_escalate_response_missing_action_returns_error PASSED [ 86%]
blue_agent/tests/test_tools.py::test_dispatch_escalate_response_missing_target_returns_error PASSED [ 88%]
blue_agent/tests/test_tools.py::test_dispatch_recall_past_findings_calls_state PASSED [ 89%]
blue_agent/tests/test_tools.py::test_dispatch_recall_past_findings_defaults_when_empty PASSED [ 90%]
blue_agent/tests/test_tools.py::test_dispatch_unknown_tool_returns_error PASSED [ 92%]
blue_agent/tests/test_wazuh_alerts.py::test_poll_new_alerts_returns_empty_list_when_file_missing PASSED [ 93%]
blue_agent/tests/test_wazuh_alerts.py::test_poll_new_alerts_returns_all_lines_on_first_call PASSED [ 94%]
blue_agent/tests/test_wazuh_alerts.py::test_poll_new_alerts_only_returns_lines_appended_since_last_call PASSED [ 96%]
blue_agent/tests/test_wazuh_alerts.py::test_poll_new_alerts_returns_empty_list_when_nothing_new PASSED [ 97%]
blue_agent/tests/test_wazuh_alerts.py::test_poll_new_alerts_skips_malformed_lines PASSED [ 98%]
blue_agent/tests/test_wazuh_alerts.py::test_poll_new_alerts_does_not_consume_incomplete_trailing_line PASSED [100%]

================================== FAILURES ===================================
________________ test_seeded_command_injection_in_diagnostics _________________

tmp_path = WindowsPath('C:/Users/drewm/AppData/Local/Temp/pytest-of-drewm/pytest-97/test_seeded_command_injection_0')

    def test_seeded_command_injection_in_diagnostics(tmp_path):
        """Seeded vulnerability regression test: /admin/diagnostics shells out
        to `ping` with unsanitized input via shell=True, allowing arbitrary
        command execution once authenticated as admin. This is red_agent's
        escalation path from app-level access to host-level access. If this
        fails, the injection was sanitized and this vuln needs re-seeding.
        """
        client = _make_client(tmp_path)
        client.post("/admin/login", data={"username": "admin", "password": "admin123"})
        response = client.post(
            "/admin/diagnostics",
            data={"host": "127.0.0.1; echo PWNED_MARKER_7f3a"},
        )
>       assert b"PWNED_MARKER_7f3a" in response.data
E       assert b'PWNED_MARKER_7f3a' in b'{"output":"Access denied. Option -c requires administrative privileges.\\n"}\n'
E        +  where b'{"output":"Access denied. Option -c requires administrative privileges.\\n"}\n' = <WrapperTestResponse 76 bytes [200 OK]>.data

target\tests\test_diagnostics_routes.py:39: AssertionError
=========================== short test summary info ===========================
FAILED target/tests/test_diagnostics_routes.py::test_seeded_command_injection_in_diagnostics
======================== 1 failed, 75 passed in 17.41s ========================
